Archive member included to satisfy reference by file (symbol)

subprojects/apm_csh/libapm_csh_lib.a.p/src_apm.c.o
                              (--whole-archive)

Merging program properties


As-needed library included to satisfy reference by file (symbol)

libparam.so                   libcsh_audoppler.so.p/src_main_param.c.o (param_get_uint8_array)
libslash.so                   libcsh_audoppler.so.p/src_main_slash_doppler.c.o (optparse_new)
libm.so.6                     libcsh_audoppler.so.p/src_sgp4_SGP4.c.o (floor@@GLIBC_2.2.5)
libc.so.6                     libcsh_audoppler.so.p/src_main_slash_doppler.c.o (fgets@@GLIBC_2.2.5)

Discarded input sections

 .note.GNU-stack
                0x0000000000000000        0x0 /usr/lib/gcc/x86_64-linux-gnu/13/../../../x86_64-linux-gnu/crti.o
 .note.GNU-stack
                0x0000000000000000        0x0 /usr/lib/gcc/x86_64-linux-gnu/13/crtbeginS.o
 .note.gnu.property
                0x0000000000000000       0x20 /usr/lib/gcc/x86_64-linux-gnu/13/crtbeginS.o
 .note.GNU-stack
                0x0000000000000000        0x0 libcsh_audoppler.so.p/src_main_param.c.o
 .note.gnu.property
                0x0000000000000000       0x20 libcsh_audoppler.so.p/src_main_param.c.o
 .note.GNU-stack
                0x0000000000000000        0x0 libcsh_audoppler.so.p/src_main_slash.c.o
 .note.gnu.property
                0x0000000000000000       0x20 libcsh_audoppler.so.p/src_main_slash.c.o
 .note.GNU-stack
                0x0000000000000000        0x0 libcsh_audoppler.so.p/src_main_slash_doppler.c.o
 .note.gnu.property
                0x0000000000000000       0x20 libcsh_audoppler.so.p/src_main_slash_doppler.c.o
 .note.GNU-stack
                0x0000000000000000        0x0 libcsh_audoppler.so.p/src_sgp4_SGP4.c.o
 .note.gnu.property
                0x0000000000000000       0x20 libcsh_audoppler.so.p/src_sgp4_SGP4.c.o
 .note.GNU-stack
                0x0000000000000000        0x0 libcsh_audoppler.so.p/src_sgp4_TLE.c.o
 .note.gnu.property
                0x0000000000000000       0x20 libcsh_audoppler.so.p/src_sgp4_TLE.c.o
 .note.GNU-stack
                0x0000000000000000        0x0 subprojects/apm_csh/libapm_csh_lib.a.p/src_apm.c.o
 .note.gnu.property
                0x0000000000000000       0x20 subprojects/apm_csh/libapm_csh_lib.a.p/src_apm.c.o
 .note.GNU-stack
                0x0000000000000000        0x0 /usr/lib/gcc/x86_64-linux-gnu/13/crtendS.o
 .note.gnu.property
                0x0000000000000000       0x20 /usr/lib/gcc/x86_64-linux-gnu/13/crtendS.o
 .note.gnu.property
                0x0000000000000000       0x20 /usr/lib/gcc/x86_64-linux-gnu/13/../../../x86_64-linux-gnu/crtn.o
 .note.GNU-stack
                0x0000000000000000        0x0 /usr/lib/gcc/x86_64-linux-gnu/13/../../../x86_64-linux-gnu/crtn.o

Memory Configuration

Name             Origin             Length             Attributes
*default*        0x0000000000000000 0xffffffffffffffff

Linker script and memory map

LOAD /usr/lib/gcc/x86_64-linux-gnu/13/../../../x86_64-linux-gnu/crti.o
LOAD /usr/lib/gcc/x86_64-linux-gnu/13/crtbeginS.o
LOAD libcsh_audoppler.so.p/src_main_param.c.o
LOAD libcsh_audoppler.so.p/src_main_slash.c.o
LOAD libcsh_audoppler.so.p/src_main_slash_doppler.c.o
LOAD libcsh_audoppler.so.p/src_sgp4_SGP4.c.o
LOAD libcsh_audoppler.so.p/src_sgp4_TLE.c.o
START GROUP
LOAD subprojects/apm_csh/libapm_csh_lib.a
LOAD subprojects/csp/libcsp.so
LOAD subprojects/param/libparam.so
LOAD subprojects/slash/libslash.so
LOAD /usr/lib/gcc/x86_64-linux-gnu/13/../../../x86_64-linux-gnu/libm.so
START GROUP
LOAD /lib/x86_64-linux-gnu/libm.so.6
LOAD /lib/x86_64-linux-gnu/libmvec.so.1
END GROUP
LOAD /usr/lib/gcc/x86_64-linux-gnu/13/../../../x86_64-linux-gnu/libc.so
START GROUP
LOAD /lib/x86_64-linux-gnu/libc.so.6
LOAD /usr/lib/x86_64-linux-gnu/libc_nonshared.a
LOAD /lib64/ld-linux-x86-64.so.2
END GROUP
LOAD /usr/lib/x86_64-linux-gnu/libsocketcan.so
LOAD /usr/lib/x86_64-linux-gnu/libzmq.so
LOAD /usr/lib/x86_64-linux-gnu/libbsd.so
START GROUP
LOAD /usr/lib/x86_64-linux-gnu/libbsd.so.0.12.1
LOAD /usr/lib/gcc/x86_64-linux-gnu/13/../../../x86_64-linux-gnu/libmd.so
END GROUP
END GROUP
LOAD /usr/lib/gcc/x86_64-linux-gnu/13/libgcc.a
LOAD /usr/lib/gcc/x86_64-linux-gnu/13/libgcc_s.so
START GROUP
LOAD /usr/lib/gcc/x86_64-linux-gnu/13/../../../x86_64-linux-gnu/libgcc_s.so.1
LOAD /usr/lib/gcc/x86_64-linux-gnu/13/libgcc.a
END GROUP
LOAD /usr/lib/gcc/x86_64-linux-gnu/13/../../../x86_64-linux-gnu/libpthread.a
LOAD /usr/lib/gcc/x86_64-linux-gnu/13/../../../x86_64-linux-gnu/libc.so
START GROUP
LOAD /lib/x86_64-linux-gnu/libc.so.6
LOAD /usr/lib/x86_64-linux-gnu/libc_nonshared.a
LOAD /lib64/ld-linux-x86-64.so.2
END GROUP
LOAD /usr/lib/gcc/x86_64-linux-gnu/13/libgcc.a
LOAD /usr/lib/gcc/x86_64-linux-gnu/13/libgcc_s.so
START GROUP
LOAD /usr/lib/gcc/x86_64-linux-gnu/13/../../../x86_64-linux-gnu/libgcc_s.so.1
LOAD /usr/lib/gcc/x86_64-linux-gnu/13/libgcc.a
END GROUP
LOAD /usr/lib/gcc/x86_64-linux-gnu/13/crtendS.o
LOAD /usr/lib/gcc/x86_64-linux-gnu/13/../../../x86_64-linux-gnu/crtn.o
                0x00000000000002a8                . = (SEGMENT_START ("text-segment", 0x0) + SIZEOF_HEADERS)

.note.gnu.property
                0x00000000000002a8       0x20
 .note.gnu.property
                0x00000000000002a8       0x20 /usr/lib/gcc/x86_64-linux-gnu/13/../../../x86_64-linux-gnu/crti.o

.note.gnu.build-id
                0x00000000000002c8       0x24
 *(.note.gnu.build-id)
 .note.gnu.build-id
                0x00000000000002c8       0x24 /usr/lib/gcc/x86_64-linux-gnu/13/../../../x86_64-linux-gnu/crti.o

.hash
 *(.hash)

.gnu.hash       0x00000000000002f0      0x1ec
 *(.gnu.hash)
 .gnu.hash      0x00000000000002f0      0x1ec /usr/lib/gcc/x86_64-linux-gnu/13/../../../x86_64-linux-gnu/crti.o

.dynsym         0x00000000000004e0      0xb28
 *(.dynsym)
 .dynsym        0x00000000000004e0      0xb28 /usr/lib/gcc/x86_64-linux-gnu/13/../../../x86_64-linux-gnu/crti.o

.dynstr         0x0000000000001008      0x608
 *(.dynstr)
 .dynstr        0x0000000000001008      0x608 /usr/lib/gcc/x86_64-linux-gnu/13/../../../x86_64-linux-gnu/crti.o

.gnu.version    0x0000000000001610       0xee
 *(.gnu.version)
 .gnu.version   0x0000000000001610       0xee /usr/lib/gcc/x86_64-linux-gnu/13/../../../x86_64-linux-gnu/crti.o

.gnu.version_d  0x0000000000001700        0x0
 *(.gnu.version_d)
 .gnu.version_d
                0x0000000000001700        0x0 /usr/lib/gcc/x86_64-linux-gnu/13/../../../x86_64-linux-gnu/crti.o

.gnu.version_r  0x0000000000001700       0x80
 *(.gnu.version_r)
 .gnu.version_r
                0x0000000000001700       0x80 /usr/lib/gcc/x86_64-linux-gnu/13/../../../x86_64-linux-gnu/crti.o

.rela.dyn       0x0000000000001780      0x960
 *(.rela.init)
 *(.rela.text .rela.text.* .rela.gnu.linkonce.t.*)
 .rela.text     0x0000000000001780        0x0 /usr/lib/gcc/x86_64-linux-gnu/13/../../../x86_64-linux-gnu/crti.o
 *(.rela.fini)
 *(.rela.rodata .rela.rodata.* .rela.gnu.linkonce.r.*)
 *(.rela.data .rela.data.* .rela.gnu.linkonce.d.*)
 .rela.data.rel.local
                0x0000000000001780       0x18 /usr/lib/gcc/x86_64-linux-gnu/13/../../../x86_64-linux-gnu/crti.o
 .rela.data.rel
                0x0000000000001798       0x18 /usr/lib/gcc/x86_64-linux-gnu/13/../../../x86_64-linux-gnu/crti.o
 *(.rela.tdata .rela.tdata.* .rela.gnu.linkonce.td.*)
 *(.rela.tbss .rela.tbss.* .rela.gnu.linkonce.tb.*)
 *(.rela.ctors)
 *(.rela.dtors)
 *(.rela.got)
 .rela.got      0x00000000000017b0       0x90 /usr/lib/gcc/x86_64-linux-gnu/13/../../../x86_64-linux-gnu/crti.o
 *(.rela.bss .rela.bss.* .rela.gnu.linkonce.b.*)
 *(.rela.ldata .rela.ldata.* .rela.gnu.linkonce.l.*)
 *(.rela.lbss .rela.lbss.* .rela.gnu.linkonce.lb.*)
 *(.rela.lrodata .rela.lrodata.* .rela.gnu.linkonce.lr.*)
 *(.rela.ifunc)
 .rela.ifunc    0x0000000000001840        0x0 /usr/lib/gcc/x86_64-linux-gnu/13/../../../x86_64-linux-gnu/crti.o
 .rela.fini_array
                0x0000000000001840       0x18 /usr/lib/gcc/x86_64-linux-gnu/13/../../../x86_64-linux-gnu/crti.o
 .rela.init_array
                0x0000000000001858       0x18 /usr/lib/gcc/x86_64-linux-gnu/13/../../../x86_64-linux-gnu/crti.o
 .relaparam     0x0000000000001870      0x768 /usr/lib/gcc/x86_64-linux-gnu/13/../../../x86_64-linux-gnu/crti.o
 .relavmem      0x0000000000001fd8       0x48 /usr/lib/gcc/x86_64-linux-gnu/13/../../../x86_64-linux-gnu/crti.o
 .relaslash     0x0000000000002020       0xc0 /usr/lib/gcc/x86_64-linux-gnu/13/../../../x86_64-linux-gnu/crti.o

.rela.plt       0x00000000000020e0      0x5b8
 *(.rela.plt)
 .rela.plt      0x00000000000020e0      0x5b8 /usr/lib/gcc/x86_64-linux-gnu/13/../../../x86_64-linux-gnu/crti.o
 *(.rela.iplt)

.relr.dyn
 *(.relr.dyn)
                0x0000000000003000                . = ALIGN (CONSTANT (MAXPAGESIZE))

.init           0x0000000000003000       0x1b
 *(SORT_NONE(.init))
 .init          0x0000000000003000       0x16 /usr/lib/gcc/x86_64-linux-gnu/13/../../../x86_64-linux-gnu/crti.o
                0x0000000000003000                _init
 .init          0x0000000000003016        0x5 /usr/lib/gcc/x86_64-linux-gnu/13/../../../x86_64-linux-gnu/crtn.o

.plt            0x0000000000003020      0x3e0
 *(.plt)
 .plt           0x0000000000003020      0x3e0 /usr/lib/gcc/x86_64-linux-gnu/13/../../../x86_64-linux-gnu/crti.o
 *(.iplt)

.plt.got        0x0000000000003400       0x20
 *(.plt.got)
 .plt.got       0x0000000000003400       0x20 /usr/lib/gcc/x86_64-linux-gnu/13/../../../x86_64-linux-gnu/crti.o

.plt.sec        0x0000000000003420      0x3d0
 *(.plt.sec)
 .plt.sec       0x0000000000003420      0x3d0 /usr/lib/gcc/x86_64-linux-gnu/13/../../../x86_64-linux-gnu/crti.o

.text           0x00000000000037f0     0xce3f
 *(.text.unlikely .text.*_unlikely .text.unlikely.*)
 *(.text.exit .text.exit.*)
 *(.text.startup .text.startup.*)
 *(.text.hot .text.hot.*)
 *(SORT_BY_NAME(.text.sorted.*))
 *(.text .stub .text.* .gnu.linkonce.t.*)
 .text          0x00000000000037f0        0x0 /usr/lib/gcc/x86_64-linux-gnu/13/../../../x86_64-linux-gnu/crti.o
 .text          0x00000000000037f0       0xb9 /usr/lib/gcc/x86_64-linux-gnu/13/crtbeginS.o
 .text          0x00000000000038a9       0x4c libcsh_audoppler.so.p/src_main_param.c.o
                0x00000000000038a9                param_ramu8_cb
 .text          0x00000000000038f5       0x29 libcsh_audoppler.so.p/src_main_slash.c.o
                0x00000000000038f5                libinfo
 .text          0x000000000000391e     0x2190 libcsh_audoppler.so.p/src_main_slash_doppler.c.o
 .text          0x0000000000005aae     0x9ceb libcsh_audoppler.so.p/src_sgp4_SGP4.c.o
                0x0000000000005aae                dpper
                0x00000000000064fa                dscom
                0x0000000000007f91                dsinit
                0x0000000000009ddb                dspace
                0x000000000000ae97                initl
                0x000000000000b381                sgp4init
                0x000000000000d45f                sgp4
                0x000000000000f1a5                getgravconst
                0x000000000000f4d6                gstime
                0x000000000000f5d1                jday
 .text          0x000000000000f799      0xc74 libcsh_audoppler.so.p/src_sgp4_TLE.c.o
                0x000000000000f799                parseLines
                0x000000000000fb8e                isLeap
                0x000000000000fc0e                parseEpoch
                0x0000000000010047                getRVForDate
                0x00000000000100b9                getRV
 .text          0x000000000001040d      0x222 subprojects/apm_csh/libapm_csh_lib.a.p/src_apm.c.o
                0x000000000001040d                libmain
 .text          0x000000000001062f        0x0 /usr/lib/gcc/x86_64-linux-gnu/13/crtendS.o
 .text          0x000000000001062f        0x0 /usr/lib/gcc/x86_64-linux-gnu/13/../../../x86_64-linux-gnu/crtn.o
 *(.gnu.warning)

.fini           0x0000000000010630        0xd
 *(SORT_NONE(.fini))
 .fini          0x0000000000010630        0x8 /usr/lib/gcc/x86_64-linux-gnu/13/../../../x86_64-linux-gnu/crti.o
                0x0000000000010630                _fini
 .fini          0x0000000000010638        0x5 /usr/lib/gcc/x86_64-linux-gnu/13/../../../x86_64-linux-gnu/crtn.o
                [!provide]                        PROVIDE (__etext = .)
                [!provide]                        PROVIDE (_etext = .)
                [!provide]                        PROVIDE (etext = .)
                0x0000000000011000                . = ALIGN (CONSTANT (MAXPAGESIZE))
                0x0000000000011000                . = SEGMENT_START ("rodata-segment", (ALIGN (CONSTANT (MAXPAGESIZE)) + (. & (CONSTANT (MAXPAGESIZE) - 0x1))))

.rodata         0x0000000000011000     0x1504
 *(.rodata .rodata.* .gnu.linkonce.r.*)
 .rodata        0x0000000000011000       0x7c libcsh_audoppler.so.p/src_main_param.c.o
 *fill*         0x000000000001107c        0x4 
 .rodata        0x0000000000011080       0x45 libcsh_audoppler.so.p/src_main_slash.c.o
 *fill*         0x00000000000110c5        0xb 
 .rodata        0x00000000000110d0      0xb28 libcsh_audoppler.so.p/src_main_slash_doppler.c.o
 *fill*         0x0000000000011bf8        0x8 
 .rodata        0x0000000000011c00      0x798 libcsh_audoppler.so.p/src_sgp4_SGP4.c.o
 *fill*         0x0000000000012398        0x8 
 .rodata        0x00000000000123a0       0x60 libcsh_audoppler.so.p/src_sgp4_TLE.c.o
 .rodata        0x0000000000012400      0x104 subprojects/apm_csh/libapm_csh_lib.a.p/src_apm.c.o
                0x0000000000012400                apm_init_version

.rodata1
 *(.rodata1)

.eh_frame_hdr   0x0000000000012504      0x114
 *(.eh_frame_hdr)
 .eh_frame_hdr  0x0000000000012504      0x114 libcsh_audoppler.so.p/src_main_param.c.o
                0x0000000000012504                __GNU_EH_FRAME_HDR
 *(.eh_frame_entry .eh_frame_entry.*)

.eh_frame       0x0000000000012618      0x434
 *(.eh_frame)
 .eh_frame      0x0000000000012618       0x40 /usr/lib/gcc/x86_64-linux-gnu/13/../../../x86_64-linux-gnu/crti.o
 .eh_frame      0x0000000000012658       0x18 /usr/lib/gcc/x86_64-linux-gnu/13/../../../x86_64-linux-gnu/crti.o
                                         0x30 (size before relaxing)
 .eh_frame      0x0000000000012670       0x18 /usr/lib/gcc/x86_64-linux-gnu/13/../../../x86_64-linux-gnu/crti.o
                                         0x30 (size before relaxing)
 .eh_frame      0x0000000000012688       0x20 libcsh_audoppler.so.p/src_main_param.c.o
                                         0x38 (size before relaxing)
 .eh_frame      0x00000000000126a8       0x20 libcsh_audoppler.so.p/src_main_slash.c.o
                                         0x38 (size before relaxing)
 .eh_frame      0x00000000000126c8      0x120 libcsh_audoppler.so.p/src_main_slash_doppler.c.o
                                        0x138 (size before relaxing)
 .eh_frame      0x00000000000127e8      0x140 libcsh_audoppler.so.p/src_sgp4_SGP4.c.o
                                        0x158 (size before relaxing)
 .eh_frame      0x0000000000012928      0x100 libcsh_audoppler.so.p/src_sgp4_TLE.c.o
                                        0x118 (size before relaxing)
 .eh_frame      0x0000000000012a28       0x20 subprojects/apm_csh/libapm_csh_lib.a.p/src_apm.c.o
                                         0x38 (size before relaxing)
 .eh_frame      0x0000000000012a48        0x4 /usr/lib/gcc/x86_64-linux-gnu/13/crtendS.o
 *(.eh_frame.*)

.sframe         0x0000000000012a4c        0x0
 *(.sframe)
 .sframe        0x0000000000012a4c        0x0 /usr/lib/gcc/x86_64-linux-gnu/13/../../../x86_64-linux-gnu/crti.o
 .sframe        0x0000000000012a4c        0x0 /usr/lib/gcc/x86_64-linux-gnu/13/../../../x86_64-linux-gnu/crti.o
 *(.sframe.*)

.gcc_except_table
 *(.gcc_except_table .gcc_except_table.*)

.gnu_extab
 *(.gnu_extab*)

.exception_ranges
 *(.exception_ranges*)
                0x0000000000013d98                . = DATA_SEGMENT_ALIGN (CONSTANT (MAXPAGESIZE), CONSTANT (COMMONPAGESIZE))

.eh_frame
 *(.eh_frame)
 *(.eh_frame.*)

.sframe
 *(.sframe)
 *(.sframe.*)

.gnu_extab
 *(.gnu_extab)

.gcc_except_table
 *(.gcc_except_table .gcc_except_table.*)

.exception_ranges
 *(.exception_ranges*)

.tdata
 *(.tdata .tdata.* .gnu.linkonce.td.*)

.tbss
 *(.tbss .tbss.* .gnu.linkonce.tb.*)
 *(.tcommon)

.preinit_array
 *(.preinit_array)

.init_array     0x0000000000013d98        0x8
 *(SORT_BY_INIT_PRIORITY(.init_array.*) SORT_BY_INIT_PRIORITY(.ctors.*))
 *(.init_array EXCLUDE_FILE(*crtend?.o *crtend.o *crtbegin?.o *crtbegin.o) .ctors)
 .init_array    0x0000000000013d98        0x8 /usr/lib/gcc/x86_64-linux-gnu/13/crtbeginS.o

.fini_array     0x0000000000013da0        0x8
 *(SORT_BY_INIT_PRIORITY(.fini_array.*) SORT_BY_INIT_PRIORITY(.dtors.*))
 *(.fini_array EXCLUDE_FILE(*crtend?.o *crtend.o *crtbegin?.o *crtbegin.o) .dtors)
 .fini_array    0x0000000000013da0        0x8 /usr/lib/gcc/x86_64-linux-gnu/13/crtbeginS.o

.ctors
 *crtbegin.o(.ctors)
 *crtbegin?.o(.ctors)
 *(EXCLUDE_FILE(*crtend?.o *crtend.o) .ctors)
 *(SORT_BY_NAME(.ctors.*))
 *(.ctors)

.dtors
 *crtbegin.o(.dtors)
 *crtbegin?.o(.dtors)
 *(EXCLUDE_FILE(*crtend?.o *crtend.o) .dtors)
 *(SORT_BY_NAME(.dtors.*))
 *(.dtors)

.jcr
 *(.jcr)

.data.rel.ro    0x0000000000013da8        0x0
 *(.data.rel.ro.local* .gnu.linkonce.d.rel.ro.local.*)
 *(.data.rel.ro .data.rel.ro.* .gnu.linkonce.d.rel.ro.*)
 .data.rel.ro   0x0000000000013da8        0x0 /usr/lib/gcc/x86_64-linux-gnu/13/../../../x86_64-linux-gnu/crti.o

.dynamic        0x0000000000013da8      0x210
 *(.dynamic)
 .dynamic       0x0000000000013da8      0x210 /usr/lib/gcc/x86_64-linux-gnu/13/../../../x86_64-linux-gnu/crti.o
                0x0000000000013da8                _DYNAMIC

.got            0x0000000000013fb8       0x30
 *(.got)
 .got           0x0000000000013fb8       0x30 /usr/lib/gcc/x86_64-linux-gnu/13/../../../x86_64-linux-gnu/crti.o
 *(.igot)
                0x0000000000013fe8                . = DATA_SEGMENT_RELRO_END (., (SIZEOF (.got.plt) >= 0x18)?0x18:0x0)

.got.plt        0x0000000000013fe8      0x200
 *(.got.plt)
 .got.plt       0x0000000000013fe8      0x200 /usr/lib/gcc/x86_64-linux-gnu/13/../../../x86_64-linux-gnu/crti.o
                0x0000000000013fe8                _GLOBAL_OFFSET_TABLE_
 *(.igot.plt)

.data           0x0000000000014200      0x190
 *(.data .data.* .gnu.linkonce.d.*)
 .data          0x0000000000014200        0x0 /usr/lib/gcc/x86_64-linux-gnu/13/../../../x86_64-linux-gnu/crti.o
 .data          0x0000000000014200        0x0 /usr/lib/gcc/x86_64-linux-gnu/13/crtbeginS.o
 .data.rel.local
                0x0000000000014200        0x8 /usr/lib/gcc/x86_64-linux-gnu/13/crtbeginS.o
                0x0000000000014200                __dso_handle
 .data          0x0000000000014208        0x2 libcsh_audoppler.so.p/src_main_param.c.o
                0x0000000000014208                _ram_u16
 *fill*         0x000000000001420a        0x6 
 .data.rel      0x0000000000014210        0x8 libcsh_audoppler.so.p/src_main_param.c.o
 .data          0x0000000000014218        0x0 libcsh_audoppler.so.p/src_main_slash.c.o
 *fill*         0x0000000000014218        0x8 
 .data          0x0000000000014220      0x170 libcsh_audoppler.so.p/src_main_slash_doppler.c.o
 .data          0x0000000000014390        0x0 libcsh_audoppler.so.p/src_sgp4_SGP4.c.o
 .data          0x0000000000014390        0x0 libcsh_audoppler.so.p/src_sgp4_TLE.c.o
 .data          0x0000000000014390        0x0 subprojects/apm_csh/libapm_csh_lib.a.p/src_apm.c.o
 .data          0x0000000000014390        0x0 /usr/lib/gcc/x86_64-linux-gnu/13/crtendS.o
 .data          0x0000000000014390        0x0 /usr/lib/gcc/x86_64-linux-gnu/13/../../../x86_64-linux-gnu/crtn.o

.tm_clone_table
                0x0000000000014390        0x0
 .tm_clone_table
                0x0000000000014390        0x0 /usr/lib/gcc/x86_64-linux-gnu/13/crtbeginS.o
 .tm_clone_table
                0x0000000000014390        0x0 /usr/lib/gcc/x86_64-linux-gnu/13/crtendS.o

param           0x00000000000143a0      0x4e0
 param          0x00000000000143a0      0x180 libcsh_audoppler.so.p/src_main_param.c.o
                0x00000000000143a0                ram_u8
                0x0000000000014400                ram_u16
                0x0000000000014460                vmem_u8
                0x00000000000144c0                vmem_u16
 param          0x0000000000014520      0x360 libcsh_audoppler.so.p/src_main_slash_doppler.c.o
                0x0000000000014520                drun_tle_url
                0x0000000000014580                drun_sat_name
                0x00000000000145e0                drun_gs_lat
                0x0000000000014640                drun_gs_lon
                0x00000000000146a0                drun_gs_alt
                0x0000000000014700                drun_rx_freq
                0x0000000000014760                drun_tx_freq
                0x00000000000147c0                drun_radio_node
                0x0000000000014820                drun_delay_ms

vmem            0x0000000000014880       0x58
 vmem           0x0000000000014880       0x58 libcsh_audoppler.so.p/src_main_param.c.o
                0x0000000000014880                vmem_apmtest

slash           0x00000000000148d8       0x70
 slash          0x00000000000148d8       0x70 libcsh_audoppler.so.p/src_main_slash_doppler.c.o
                0x00000000000148d8                slash_cmd_doppler
                0x0000000000014910                slash_cmd_drun

.data1
 *(.data1)
                [!provide]                        PROVIDE (_edata = .)
                [!provide]                        PROVIDE (edata = .)
                0x0000000000014948                . = ALIGN (ALIGNOF (NEXT_SECTION))
                [!provide]                        PROVIDE (__bss_start = .)

.bss            0x0000000000014960      0x5e0
 *(.dynbss)
 .dynbss        0x0000000000014960        0x0 /usr/lib/gcc/x86_64-linux-gnu/13/../../../x86_64-linux-gnu/crti.o
 *(.bss .bss.* .gnu.linkonce.b.*)
 .bss           0x0000000000014960        0x0 /usr/lib/gcc/x86_64-linux-gnu/13/../../../x86_64-linux-gnu/crti.o
 .bss           0x0000000000014960        0x1 /usr/lib/gcc/x86_64-linux-gnu/13/crtbeginS.o
 *fill*         0x0000000000014961       0x1f 
 .bss           0x0000000000014980      0x45a libcsh_audoppler.so.p/src_main_param.c.o
                0x0000000000014980                _ram_u8
                0x0000000000014990                _timestamp_ram_u8
                0x0000000000014998                _node_ram_u8
                0x00000000000149a0                _timestamp_ram_u16
                0x00000000000149a8                _node_ram_u16
                0x00000000000149c0                vmem_apmtest_heap
                0x0000000000014dc0                _timestamp_vmem_u8
                0x0000000000014dc8                _node_vmem_u8
                0x0000000000014dd0                _timestamp_vmem_u16
                0x0000000000014dd8                _node_vmem_u16
 .bss           0x0000000000014dda        0x0 libcsh_audoppler.so.p/src_main_slash.c.o
 *fill*         0x0000000000014dda        0x6 
 .bss           0x0000000000014de0       0x8a libcsh_audoppler.so.p/src_main_slash_doppler.c.o
                0x0000000000014de0                _timestamp_drun_tle_url
                0x0000000000014de8                _node_drun_tle_url
                0x0000000000014df0                _timestamp_drun_sat_name
                0x0000000000014df8                _node_drun_sat_name
                0x0000000000014e00                _timestamp_drun_gs_lat
                0x0000000000014e08                _node_drun_gs_lat
                0x0000000000014e10                _timestamp_drun_gs_lon
                0x0000000000014e18                _node_drun_gs_lon
                0x0000000000014e20                _timestamp_drun_gs_alt
                0x0000000000014e28                _node_drun_gs_alt
                0x0000000000014e30                _timestamp_drun_rx_freq
                0x0000000000014e38                _node_drun_rx_freq
                0x0000000000014e40                _timestamp_drun_tx_freq
                0x0000000000014e48                _node_drun_tx_freq
                0x0000000000014e50                _timestamp_drun_radio_node
                0x0000000000014e58                _node_drun_radio_node
                0x0000000000014e60                _timestamp_drun_delay_ms
                0x0000000000014e68                _node_drun_delay_ms
 .bss           0x0000000000014e6a        0x0 libcsh_audoppler.so.p/src_sgp4_SGP4.c.o
 .bss           0x0000000000014e6a        0x0 libcsh_audoppler.so.p/src_sgp4_TLE.c.o
 *fill*         0x0000000000014e6a       0x16 
 .bss           0x0000000000014e80       0xc0 subprojects/apm_csh/libapm_csh_lib.a.p/src_apm.c.o
 .bss           0x0000000000014f40        0x0 /usr/lib/gcc/x86_64-linux-gnu/13/crtendS.o
 .bss           0x0000000000014f40        0x0 /usr/lib/gcc/x86_64-linux-gnu/13/../../../x86_64-linux-gnu/crtn.o
 *(COMMON)
                0x0000000000014f40                . = ALIGN ((. != 0x0)?0x8:0x1)

.lbss
 *(.dynlbss)
 *(.lbss .lbss.* .gnu.linkonce.lb.*)
 *(LARGE_COMMON)
                0x0000000000014f40                . = ALIGN (0x8)
                0x0000000000014f40                . = SEGMENT_START ("ldata-segment", .)

.lrodata
 *(.lrodata .lrodata.* .gnu.linkonce.lr.*)

.ldata          0x0000000000016f40        0x0
 *(.ldata .ldata.* .gnu.linkonce.l.*)
                0x0000000000016f40                . = ALIGN ((. != 0x0)?0x8:0x1)
                0x0000000000016f40                . = ALIGN (0x8)
                [!provide]                        PROVIDE (_end = .)
                [!provide]                        PROVIDE (end = .)
                0x0000000000016f40                . = DATA_SEGMENT_END (.)

.stab
 *(.stab)

.stabstr
 *(.stabstr)

.stab.excl
 *(.stab.excl)

.stab.exclstr
 *(.stab.exclstr)

.stab.index
 *(.stab.index)

.stab.indexstr
 *(.stab.indexstr)

.comment        0x0000000000000000       0x2d
 *(.comment)
 .comment       0x0000000000000000       0x2d /usr/lib/gcc/x86_64-linux-gnu/13/crtbeginS.o
                                         0x2e (size before relaxing)
 .comment       0x000000000000002d       0x2e libcsh_audoppler.so.p/src_main_param.c.o
 .comment       0x000000000000002d       0x2e libcsh_audoppler.so.p/src_main_slash.c.o
 .comment       0x000000000000002d       0x2e libcsh_audoppler.so.p/src_main_slash_doppler.c.o
 .comment       0x000000000000002d       0x2e libcsh_audoppler.so.p/src_sgp4_SGP4.c.o
 .comment       0x000000000000002d       0x2e libcsh_audoppler.so.p/src_sgp4_TLE.c.o
 .comment       0x000000000000002d       0x2e subprojects/apm_csh/libapm_csh_lib.a.p/src_apm.c.o
 .comment       0x000000000000002d       0x2e /usr/lib/gcc/x86_64-linux-gnu/13/crtendS.o

.gnu.build.attributes
 *(.gnu.build.attributes .gnu.build.attributes.*)

.debug
 *(.debug)

.line
 *(.line)

.debug_srcinfo
 *(.debug_srcinfo)

.debug_sfnames
 *(.debug_sfnames)

.debug_aranges  0x0000000000000000      0x120
 *(.debug_aranges)
 .debug_aranges
                0x0000000000000000       0x30 libcsh_audoppler.so.p/src_main_param.c.o
 .debug_aranges
                0x0000000000000030       0x30 libcsh_audoppler.so.p/src_main_slash.c.o
 .debug_aranges
                0x0000000000000060       0x30 libcsh_audoppler.so.p/src_main_slash_doppler.c.o
 .debug_aranges
                0x0000000000000090       0x30 libcsh_audoppler.so.p/src_sgp4_SGP4.c.o
 .debug_aranges
                0x00000000000000c0       0x30 libcsh_audoppler.so.p/src_sgp4_TLE.c.o
 .debug_aranges
                0x00000000000000f0       0x30 subprojects/apm_csh/libapm_csh_lib.a.p/src_apm.c.o

.debug_pubnames
 *(.debug_pubnames)

.debug_info     0x0000000000000000     0x711d
 *(.debug_info .gnu.linkonce.wi.*)
 .debug_info    0x0000000000000000      0x654 libcsh_audoppler.so.p/src_main_param.c.o
 .debug_info    0x0000000000000654       0xa4 libcsh_audoppler.so.p/src_main_slash.c.o
 .debug_info    0x00000000000006f8     0x2c50 libcsh_audoppler.so.p/src_main_slash_doppler.c.o
 .debug_info    0x0000000000003348     0x20dd libcsh_audoppler.so.p/src_sgp4_SGP4.c.o
 .debug_info    0x0000000000005425     0x1147 libcsh_audoppler.so.p/src_sgp4_TLE.c.o
 .debug_info    0x000000000000656c      0xbb1 subprojects/apm_csh/libapm_csh_lib.a.p/src_apm.c.o

.debug_abbrev   0x0000000000000000      0xc11
 *(.debug_abbrev)
 .debug_abbrev  0x0000000000000000      0x1e4 libcsh_audoppler.so.p/src_main_param.c.o
 .debug_abbrev  0x00000000000001e4       0x43 libcsh_audoppler.so.p/src_main_slash.c.o
 .debug_abbrev  0x0000000000000227      0x395 libcsh_audoppler.so.p/src_main_slash_doppler.c.o
 .debug_abbrev  0x00000000000005bc      0x1dd libcsh_audoppler.so.p/src_sgp4_SGP4.c.o
 .debug_abbrev  0x0000000000000799      0x22b libcsh_audoppler.so.p/src_sgp4_TLE.c.o
 .debug_abbrev  0x00000000000009c4      0x24d subprojects/apm_csh/libapm_csh_lib.a.p/src_apm.c.o

.debug_line     0x0000000000000000     0x3301
 *(.debug_line .debug_line.* .debug_line_end)
 .debug_line    0x0000000000000000       0x97 libcsh_audoppler.so.p/src_main_param.c.o
 .debug_line    0x0000000000000097       0x54 libcsh_audoppler.so.p/src_main_slash.c.o
 .debug_line    0x00000000000000eb      0x7af libcsh_audoppler.so.p/src_main_slash_doppler.c.o
 .debug_line    0x000000000000089a     0x2554 libcsh_audoppler.so.p/src_sgp4_SGP4.c.o
 .debug_line    0x0000000000002dee      0x3a2 libcsh_audoppler.so.p/src_sgp4_TLE.c.o
 .debug_line    0x0000000000003190      0x171 subprojects/apm_csh/libapm_csh_lib.a.p/src_apm.c.o

.debug_frame
 *(.debug_frame)

.debug_str      0x0000000000000000     0x19fe
 *(.debug_str)
 .debug_str     0x0000000000000000     0x19fe libcsh_audoppler.so.p/src_main_param.c.o
                                        0x5ae (size before relaxing)
 .debug_str     0x00000000000019fe      0x13b libcsh_audoppler.so.p/src_main_slash.c.o
 .debug_str     0x00000000000019fe     0x1515 libcsh_audoppler.so.p/src_main_slash_doppler.c.o
 .debug_str     0x00000000000019fe      0x870 libcsh_audoppler.so.p/src_sgp4_SGP4.c.o
 .debug_str     0x00000000000019fe      0x55f libcsh_audoppler.so.p/src_sgp4_TLE.c.o
 .debug_str     0x00000000000019fe      0x87d subprojects/apm_csh/libapm_csh_lib.a.p/src_apm.c.o

.debug_loc
 *(.debug_loc)

.debug_macinfo
 *(.debug_macinfo)

.debug_weaknames
 *(.debug_weaknames)

.debug_funcnames
 *(.debug_funcnames)

.debug_typenames
 *(.debug_typenames)

.debug_varnames
 *(.debug_varnames)

.debug_pubtypes
 *(.debug_pubtypes)

.debug_ranges
 *(.debug_ranges)

.debug_addr
 *(.debug_addr)

.debug_line_str
                0x0000000000000000      0x368
 *(.debug_line_str)
 .debug_line_str
                0x0000000000000000      0x368 libcsh_audoppler.so.p/src_main_param.c.o
                                        0x16a (size before relaxing)
 .debug_line_str
                0x0000000000000368       0x91 libcsh_audoppler.so.p/src_main_slash.c.o
 .debug_line_str
                0x0000000000000368      0x314 libcsh_audoppler.so.p/src_main_slash_doppler.c.o
 .debug_line_str
                0x0000000000000368       0xbf libcsh_audoppler.so.p/src_sgp4_SGP4.c.o
 .debug_line_str
                0x0000000000000368      0x113 libcsh_audoppler.so.p/src_sgp4_TLE.c.o
 .debug_line_str
                0x0000000000000368      0x267 subprojects/apm_csh/libapm_csh_lib.a.p/src_apm.c.o

.debug_loclists
 *(.debug_loclists)

.debug_macro
 *(.debug_macro)

.debug_names
 *(.debug_names)

.debug_rnglists
                0x0000000000000000       0x17
 *(.debug_rnglists)
 .debug_rnglists
                0x0000000000000000       0x17 libcsh_audoppler.so.p/src_main_slash_doppler.c.o

.debug_str_offsets
 *(.debug_str_offsets)

.debug_sup
 *(.debug_sup)

.gnu.attributes
 *(.gnu.attributes)

/DISCARD/
 *(.note.GNU-stack)
 *(.gnu_debuglink)
 *(.gnu.lto_*)
OUTPUT(libcsh_audoppler.so elf64-x86-64)
